MPASM  5.50                        SOURCE.ASM   3-4-2024  21:17:19         PAGE  1


LOC  OBJECT CODE     LINE SOURCE TEXT
  VALUE

                      00001 ;******************************************************************************
                      00002 ; Stopwatch Assembly Code for PIC18F452
                      00003 ;
                      00004 ; This code implements a stopwatch that counts up to 99. It utilizes Timer1 for
                      00005 ; incrementing the stopwatch and Timer0 for displaying the digits on a 7-segment
                      00006 ; display every 0.05 seconds. Interrupts are employed to optimize clock cycles
                      00007 ; and ensure smooth operation of the microcontroller. The 7-segment display is
                      00008 ; connected to PORTD (RD0-RD3) through a BCD to 7-segment decoder to minimize
                      00009 ; the number of pins used. Two buttons (RB0 and RB1) connected to PORTB control
                      00010 ; the stopwatch - RB0 starts the timer, and RB1, on a falling edge, stops the
                      00011 ; incrementation. Watchdog is disabled, and the code has been simulated using
                      00012 ; Proteus ISIS software.
                      00013 ; Author : DALI FETHI ABDELLATIF        //04/03/2024
                      00014 
                      00015 ; Note: This code is designed for PIC18F452 and may require modifications for
                      00016 ; compatibility with other PIC architectures.
                      00017 ;
                      00018 ;******************************************************************************
                      00019                                 CONFIG          WDT = OFF
                      00020                                 #INCLUDE        "p18f452.inc"
                      00001         LIST
                      00002 
                      00003 ;==========================================================================
                      00004 ;  MPASM PIC18F452 processor include
                      00005 ; 
                      00006 ;  (c) Copyright 1999-2013 Microchip Technology, All rights reserved
                      00007 ;==========================================================================
                      00008 
                      01254         LIST
                      00021                                 LIST            P = 18F452
  00000000            00022 VALUE                   EQU                     0x00
  00000001            00023 COUNTER                 EQU                     0x01
  00000002            00024 STOPS                   EQU                     0x02
                      00025 ;---------------------------------------------
                      00026                                 ORG                     0x00
000000 EF?? F???      00027                                 GOTO            MAIN
                      00028                                 ORG                     0x00008
000008 EF?? F???      00029                                 GOTO            INTERRUPT
                      00030 ;--------------------------------------------
00000C                00031 MAIN
00000C 0EF0           00032                                 MOVLW           0xF0
00000E 6E95           00033                                 MOVWF           TRISD
000010 8093           00034                                 BSF                     TRISB,RB0
000012 9EF1           00035                                 BCF                     INTCON2,RBPU
000014 6A96           00036                                 CLRF            TRISE
000016 8EF2           00037                                 BSF                     INTCON,GIE
000018 8AF2           00038                                 BSF                     INTCON,TMR0IE
00001A 94F2           00039                                 BCF                     INTCON,TMR0IF
00001C 88F2           00040                                 BSF                     INTCON,INT0IE
00001E 92F2           00041                                 BCF                     INTCON,INT0IF
000020 9CF1           00042                                 BCF                     INTCON2,INTEDG0
000022 86F0           00043                                 BSF                     INTCON3,INT1IE
000024 90F0           00044                                 BCF                     INTCON3,INT1IF
MPASM  5.50                        SOURCE.ASM   3-4-2024  21:17:19         PAGE  2


LOC  OBJECT CODE     LINE SOURCE TEXT
  VALUE

000026 9AF1           00045                                 BCF                     INTCON2,INTEDG1
000028 0E08           00046                                 MOVLW           0x08
00002A 6ED5           00047                                 MOVWF           T0CON
00002C 0E3C           00048                                 MOVLW           0x3C
00002E 6ED7           00049                                 MOVWF           TMR0H
000030 0EB0           00050                                 MOVLW           0xB0
000032 6ED6           00051                                 MOVWF           TMR0L
000034 8ED5           00052                                 BSF                     T0CON,TMR0ON
000036 8CF2           00053                                 BSF                     INTCON,PEIE
000038 809D           00054                                 BSF                     PIE1,TMR1IE
00003A 909E           00055                                 BCF                     PIR1,TMR1IF
00003C 0EB4           00056                                 MOVLW           0xB4
00003E 6ECD           00057                                 MOVWF           T1CON
000040 0E0B           00058                                 MOVLW           0x0B
000042 6ECF           00059                                 MOVWF           TMR1H
000044 0EDC           00060                                 MOVLW           0xDC
000046 6ECE           00061                                 MOVWF           TMR1L
000048 80CD           00062                                 BSF                     T1CON,TMR1ON
00004A 9000           00063                                 BCF                     VALUE,0
                      00064 ;---------------------------------------------
00004C                00065 WAIT
00004C EF?? F???      00066                                 GOTO            WAIT
                      00067 ;---------------------------------------------
000050                00068 INTERRUPT
000050 B4F2           00069                                 BTFSC           INTCON,TMR0IF
000052 EF?? F???      00070                                 GOTO            CHECK
000056 B09E           00071                                 BTFSC           PIR1,TMR1IF
000058 EF?? F???      00072                                 GOTO            NEW_VALUE
00005C B2F2           00073                                 BTFSC           INTCON,INT0IF
00005E EF?? F???      00074                                 GOTO            STOP
000062 B0F0           00075                                 BTFSC           INTCON3,INT1IF
000064 EF?? F???      00076                                 GOTO            CLEAR
000068                00077 CHECK
000068 B000           00078                                 BTFSC           VALUE,0
00006A EF?? F???      00079                                 GOTO            DIGIT_TWO
00006E EF?? F???      00080                                 GOTO            DIGIT_ONE       
                      00081 ;--------------------------------------------
000072                00082 DIGIT_ONE
000072 94F2           00083                                 BCF                     INTCON,TMR0IF
000074 8000           00084                                 BSF                     VALUE,0
000076 0E3C           00085                                 MOVLW           0x3C
000078 6ED7           00086                                 MOVWF           TMR0H
00007A 0EB0           00087                                 MOVLW           0xB0
00007C 6ED6           00088                                 MOVWF           TMR0L
00007E 5001           00089                                 MOVF            COUNTER,W
000080 0B0F           00090                                 ANDLW           0x0F
000082 0A0A           00091                                 XORLW           0x0A
000084 B4D8           00092                                 BTFSC           STATUS,Z
000086 EC?? F???      00093                                 CALL            NEW
00008A 0E02           00094                                 MOVLW           0x02
00008C 6E84           00095                                 MOVWF           PORTE
00008E 5001           00096                                 MOVF            COUNTER,W
000090 0B0F           00097                                 ANDLW           0x0F
MPASM  5.50                        SOURCE.ASM   3-4-2024  21:17:19         PAGE  3


LOC  OBJECT CODE     LINE SOURCE TEXT
  VALUE

000092 6E83           00098                                 MOVWF           PORTD
000094 0010           00099                                 RETFIE
000096                00100 NEW
000096 5001           00101                                 MOVF            COUNTER,W               
000098 0F06           00102                                 ADDLW           0x06
00009A 6E01           00103                                 MOVWF           COUNTER
00009C 0012           00104                                 RETURN          
                      00105 ;---------------------------------------------
00009E                00106 DIGIT_TWO
00009E 94F2           00107                                 BCF                     INTCON,TMR0IF
0000A0 9000           00108                                 BCF                     VALUE,0
0000A2 0E3C           00109                                 MOVLW           0x3C
0000A4 6ED7           00110                                 MOVWF           TMR0H
0000A6 0EB0           00111                                 MOVLW           0xB0
0000A8 6ED6           00112                                 MOVWF           TMR0L
0000AA 0E01           00113                                 MOVLW           0x01
0000AC 6E84           00114                                 MOVWF           PORTE
0000AE 3801           00115                                 SWAPF           COUNTER,W
0000B0 0B0F           00116                                 ANDLW           0x0F
0000B2 6E83           00117                                 MOVWF           PORTD
0000B4 0010           00118                                 RETFIE
                      00119 ;--------------------------------------------
0000B6                00120 NEW_VALUE
0000B6 909E           00121                                 BCF                     PIR1,TMR1IF     
0000B8 0E0B           00122                                 MOVLW           0x0B
0000BA 6ECF           00123                                 MOVWF           TMR1H
0000BC 0EDC           00124                                 MOVLW           0xDC
0000BE 6ECE           00125                                 MOVWF           TMR1L
0000C0 0E01           00126                                 MOVLW           0x01
0000C2 2601           00127                                 ADDWF           COUNTER,F
0000C4 5001           00128                                 MOVF            COUNTER,W
0000C6 0A9A           00129                                 XORLW           0x9A
0000C8 E0??           00130                                 BZ                      TEST
0000CA 0010           00131                                 RETFIE
0000CC                00132 TEST
0000CC 6A01           00133                                 CLRF            COUNTER
0000CE 0010           00134                                 RETFIE
                      00135 ;--------------------------------------------
0000D0                00136 STOP
0000D0 92F2           00137                                 BCF                     INTCON,INT0IF
0000D2 B002           00138                                 BTFSC           STOPS,0
0000D4 EF?? F???      00139                                 GOTO            SECOND  
0000D8 8002           00140                                 BSF                     STOPS,0
0000DA 909D           00141                                 BCF                     PIE1,TMR1IE
0000DC 909E           00142                                 BCF                     PIR1,TMR1IF
0000DE 90CD           00143                                 BCF                     T1CON,TMR1ON
0000E0 0010           00144                                 RETFIE
0000E2                00145 SECOND
0000E2 9002           00146                                 BCF                     STOPS,0
0000E4 809D           00147                                 BSF                     PIE1,TMR1IE
0000E6 909E           00148                                 BCF                     PIR1,TMR1IF
0000E8 80CD           00149                                 BSF                     T1CON,TMR1ON
0000EA 0E0B           00150                                 MOVLW           0x0B
MPASM  5.50                        SOURCE.ASM   3-4-2024  21:17:19         PAGE  4


LOC  OBJECT CODE     LINE SOURCE TEXT
  VALUE

0000EC 6ECF           00151                                 MOVWF           TMR1H
0000EE 0EDC           00152                                 MOVLW           0xDC
0000F0 6ECE           00153                                 MOVWF           TMR1L
0000F2 0010           00154                                 RETFIE          
                      00155 ;--------------------------------------------
0000F4                00156 CLEAR
0000F4 90F0           00157                                 BCF                     INTCON3,INT1IF
0000F6 6A01           00158                                 CLRF            COUNTER
0000F8 0E00           00159                                 MOVLW           0x00
0000FA 6E83           00160                                 MOVWF           PORTD
0000FC 0E0B           00161                                 MOVLW           0x0B
0000FE 6ECF           00162                                 MOVWF           TMR1H
000100 0EDC           00163                                 MOVLW           0xDC
000102 6ECE           00164                                 MOVWF           TMR1L
000104 0E3C           00165                                 MOVLW           0x3C
000106 6ED7           00166                                 MOVWF           TMR0H
000108 0EB0           00167                                 MOVLW           0xB0
00010A 6ED6           00168                                 MOVWF           TMR0L
00010C 0010           00169                                 RETFIE
                      00170 ;--------------------------------------------
                      00171                                 END
MPASM  5.50                        SOURCE.ASM   3-4-2024  21:17:19         PAGE  5


SYMBOL TABLE
  LABEL                             VALUE 

A                                 00000000
ACCESS                            00000000
ACKDT                             00000005
ACKEN                             00000004
ACKSTAT                           00000006
ADCON0                            00000FC2
ADCON1                            00000FC1
ADCS0                             00000006
ADCS1                             00000007
ADCS2                             00000006
ADDEN                             00000003
ADFM                              00000007
ADIE                              00000006
ADIF                              00000006
ADIP                              00000006
ADON                              00000000
ADRES                             00000FC3
ADRESH                            00000FC4
ADRESL                            00000FC3
AN0                               00000000
AN1                               00000001
AN2                               00000002
AN3                               00000003
AN4                               00000005
AN5                               00000000
AN6                               00000001
AN7                               00000002
BANKED                            00000001
BCLIE                             00000003
BCLIF                             00000003
BCLIP                             00000003
BF                                00000000
BOR                               00000000
BRGH                              00000002
BSR                               00000FE0
C                                 00000000
CCP1                              00000002
CCP1CON                           00000FBD
CCP1IE                            00000002
CCP1IF                            00000002
CCP1IP                            00000002
CCP1M0                            00000000
CCP1M1                            00000001
CCP1M2                            00000002
CCP1M3                            00000003
CCP1X                             00000005
CCP1Y                             00000004
CCP2A                             00000003
CCP2CON                           00000FBA
CCP2IE                            00000000
CCP2IF                            00000000
CCP2IP                            00000000
CCP2M0                            00000000
MPASM  5.50                        SOURCE.ASM   3-4-2024  21:17:19         PAGE  6


SYMBOL TABLE
  LABEL                             VALUE 

CCP2M1                            00000001
CCP2M2                            00000002
CCP2M3                            00000003
CCP2X                             00000005
CCP2Y                             00000004
CCP2_DDRB                         00000003
CCP2_DDRC                         00000001
CCP2_PORTB                        00000003
CCP2_PORTC                        00000001
CCP2_TRISB                        00000003
CCP2_TRISC                        00000001
CCPR1                             00000FBE
CCPR1H                            00000FBF
CCPR1L                            00000FBE
CCPR2                             00000FBB
CCPR2H                            00000FBC
CCPR2L                            00000FBB
CFGS                              00000006
CHECK                             00000068
CHS0                              00000003
CHS1                              00000004
CHS2                              00000005
CK                                00000006
CKE                               00000006
CKP                               00000004
CLEAR                             000000F4
CLKO                              00000006
COUNTER                           00000001
CREN                              00000004
CS                                00000002
CSRC                              00000007
D                                 00000005
DATA_ADDRESS                      00000005
DC                                00000001
DC1B0                             00000004
DC1B1                             00000005
DC2B0                             00000004
DC2B1                             00000005
DCCPX                             00000005
DDRA                              TRISA
DDRB                              TRISB
DDRC                              TRISC
DDRD                              TRISD
DDRE                              TRISE
DIGIT_ONE                         00000072
DIGIT_TWO                         0000009E
DONE                              00000002
D_A                               00000005
D_NOT_A                           00000005
EEADR                             00000FA9
EECON1                            00000FA6
EECON2                            00000FA7
EEDATA                            00000FA8
MPASM  5.50                        SOURCE.ASM   3-4-2024  21:17:19         PAGE  7


SYMBOL TABLE
  LABEL                             VALUE 

EEIE                              00000004
EEIF                              00000004
EEIP                              00000004
EEPGD                             00000007
FAST                              00000001
FERR                              00000002
FREE                              00000004
FSR0                              00000000
FSR0H                             00000FEA
FSR0L                             00000FE9
FSR1                              00000001
FSR1H                             00000FE2
FSR1L                             00000FE1
FSR2                              00000002
FSR2H                             00000FDA
FSR2L                             00000FD9
GCEN                              00000007
GIE                               00000007
GIEH                              00000007
GIEL                              00000006
GIE_GIEH                          00000007
GO                                00000002
GO_DONE                           00000002
GO_NOT_DONE                       00000002
I2C_DAT                           00000005
I2C_DATA                          00000005
I2C_READ                          00000002
I2C_START                         00000003
I2C_STOP                          00000004
IBF                               00000007
IBOV                              00000005
INDF0                             00000FEF
INDF1                             00000FE7
INDF2                             00000FDF
INT0                              00000000
INT0E                             00000004
INT0F                             00000001
INT0IE                            00000004
INT0IF                            00000001
INT1                              00000001
INT1E                             00000003
INT1F                             00000000
INT1IE                            00000003
INT1IF                            00000000
INT1IP                            00000006
INT1P                             00000006
INT2                              00000002
INT2E                             00000004
INT2F                             00000001
INT2IE                            00000004
INT2IF                            00000001
INT2IP                            00000007
INT2P                             00000007
MPASM  5.50                        SOURCE.ASM   3-4-2024  21:17:19         PAGE  8


SYMBOL TABLE
  LABEL                             VALUE 

INTCON                            00000FF2
INTCON1                           00000FF2
INTCON2                           00000FF1
INTCON3                           00000FF0
INTEDG0                           00000006
INTEDG1                           00000005
INTEDG2                           00000004
INTERRUPT                         00000050
IPEN                              00000007
IPR1                              00000F9F
IPR2                              00000FA2
IRVST                             00000005
LATA                              00000F89
LATA0                             00000000
LATA1                             00000001
LATA2                             00000002
LATA3                             00000003
LATA4                             00000004
LATA5                             00000005
LATA6                             00000006
LATB                              00000F8A
LATB0                             00000000
LATB1                             00000001
LATB2                             00000002
LATB3                             00000003
LATB4                             00000004
LATB5                             00000005
LATB6                             00000006
LATB7                             00000007
LATC                              00000F8B
LATC0                             00000000
LATC1                             00000001
LATC2                             00000002
LATC3                             00000003
LATC4                             00000004
LATC5                             00000005
LATC6                             00000006
LATC7                             00000007
LATD                              00000F8C
LATD0                             00000000
LATD1                             00000001
LATD2                             00000002
LATD3                             00000003
LATD4                             00000004
LATD5                             00000005
LATD6                             00000006
LATD7                             00000007
LATE                              00000F8D
LATE0                             00000000
LATE1                             00000001
LATE2                             00000002
LVDCON                            00000FD2
LVDEN                             00000004
MPASM  5.50                        SOURCE.ASM   3-4-2024  21:17:19         PAGE  9


SYMBOL TABLE
  LABEL                             VALUE 

LVDIE                             00000002
LVDIF                             00000002
LVDIN                             00000005
LVDIP                             00000002
LVDL0                             00000000
LVDL1                             00000001
LVDL2                             00000002
LVDL3                             00000003
MAIN                              0000000C
N                                 00000004
NEW                               00000096
NEW_VALUE                         000000B6
NOT_A                             00000005
NOT_ADDRESS                       00000005
NOT_BOR                           00000000
NOT_DONE                          00000002
NOT_IPEN                          00000007
NOT_PD                            00000002
NOT_POR                           00000001
NOT_RBPU                          00000007
NOT_RC8                           00000006
NOT_RI                            00000004
NOT_T1SYNC                        00000002
NOT_T3SYNC                        00000002
NOT_TO                            00000003
NOT_TX8                           00000006
NOT_W                             00000002
NOT_WRITE                         00000002
OBF                               00000006
OERR                              00000001
OSC2                              00000006
OSCCON                            00000FD3
OV                                00000003
P                                 00000004
PC                                00000FF9
PCFG0                             00000000
PCFG1                             00000001
PCFG2                             00000002
PCFG3                             00000003
PCL                               00000FF9
PCLATH                            00000FFA
PCLATU                            00000FFB
PD                                00000002
PEIE                              00000006
PEIE_GIEL                         00000006
PEN                               00000002
PGC                               00000006
PGD                               00000007
PGM                               00000005
PIE1                              00000F9D
PIE2                              00000FA0
PIR1                              00000F9E
PIR2                              00000FA1
MPASM  5.50                        SOURCE.ASM   3-4-2024  21:17:19         PAGE 10


SYMBOL TABLE
  LABEL                             VALUE 

PLUSW0                            00000FEB
PLUSW1                            00000FE3
PLUSW2                            00000FDB
POR                               00000001
PORTA                             00000F80
PORTB                             00000F81
PORTC                             00000F82
PORTD                             00000F83
PORTE                             00000F84
POSTDEC0                          00000FED
POSTDEC1                          00000FE5
POSTDEC2                          00000FDD
POSTINC0                          00000FEE
POSTINC1                          00000FE6
POSTINC2                          00000FDE
PR2                               00000FCB
PREINC0                           00000FEC
PREINC1                           00000FE4
PREINC2                           00000FDC
PROD                              00000FF3
PRODH                             00000FF4
PRODL                             00000FF3
PSA                               00000003
PSP0                              00000000
PSP1                              00000001
PSP2                              00000002
PSP3                              00000003
PSP4                              00000004
PSP5                              00000005
PSP6                              00000006
PSP7                              00000007
PSPIE                             00000007
PSPIF                             00000007
PSPIP                             00000007
PSPMODE                           00000004
R                                 00000002
RA0                               00000000
RA1                               00000001
RA2                               00000002
RA3                               00000003
RA4                               00000004
RA5                               00000005
RA6                               00000006
RB0                               00000000
RB1                               00000001
RB2                               00000002
RB3                               00000003
RB4                               00000004
RB5                               00000005
RB6                               00000006
RB7                               00000007
RBIE                              00000003
RBIF                              00000000
MPASM  5.50                        SOURCE.ASM   3-4-2024  21:17:19         PAGE 11


SYMBOL TABLE
  LABEL                             VALUE 

RBIP                              00000000
RBPU                              00000007
RC0                               00000000
RC1                               00000001
RC2                               00000002
RC3                               00000003
RC4                               00000004
RC5                               00000005
RC6                               00000006
RC7                               00000007
RC8_9                             00000006
RC9                               00000006
RCD8                              00000000
RCEN                              00000003
RCIE                              00000005
RCIF                              00000005
RCIP                              00000005
RCON                              00000FD0
RCREG                             00000FAE
RCSTA                             00000FAB
RD                                00000000
RD0                               00000000
RD1                               00000001
RD16                              00000007
RD2                               00000002
RD3                               00000003
RD4                               00000004
RD5                               00000005
RD6                               00000006
RD7                               00000007
RE0                               00000000
RE1                               00000001
RE2                               00000002
READ_WRITE                        00000002
RI                                00000004
RSEN                              00000001
RX                                00000007
RX9                               00000006
RX9D                              00000000
R_NOT_W                           00000002
R_W                               00000002
S                                 00000003
SCK                               00000003
SCL                               00000003
SCS                               00000000
SDA                               00000004
SDI                               00000004
SDO                               00000005
SECOND                            000000E2
SEN                               00000000
SMP                               00000007
SP0                               00000000
SP1                               00000001
MPASM  5.50                        SOURCE.ASM   3-4-2024  21:17:19         PAGE 12


SYMBOL TABLE
  LABEL                             VALUE 

SP2                               00000002
SP3                               00000003
SP4                               00000004
SPBRG                             00000FAF
SPEN                              00000007
SREN                              00000005
SS                                00000005
SSPADD                            00000FC8
SSPBUF                            00000FC9
SSPCON1                           00000FC6
SSPCON2                           00000FC5
SSPEN                             00000005
SSPIE                             00000003
SSPIF                             00000003
SSPIP                             00000003
SSPM0                             00000000
SSPM1                             00000001
SSPM2                             00000002
SSPM3                             00000003
SSPOV                             00000006
SSPSTAT                           00000FC7
STATUS                            00000FD8
STKFUL                            00000007
STKOVF                            00000007
STKPTR                            00000FFC
STKPTR0                           00000000
STKPTR1                           00000001
STKPTR2                           00000002
STKPTR3                           00000003
STKPTR4                           00000004
STKUNF                            00000006
STOP                              000000D0
STOPS                             00000002
SWDTE                             00000000
SWDTEN                            00000000
SYNC                              00000004
T08BIT                            00000006
T0CKI                             00000004
T0CON                             00000FD5
T0CS                              00000005
T0IE                              00000005
T0IF                              00000002
T0IP                              00000002
T0PS0                             00000000
T0PS1                             00000001
T0PS2                             00000002
T0SE                              00000004
T1CKI                             00000000
T1CKPS0                           00000004
T1CKPS1                           00000005
T1CON                             00000FCD
T1INSYNC                          00000002
T1OSCEN                           00000003
MPASM  5.50                        SOURCE.ASM   3-4-2024  21:17:19         PAGE 13


SYMBOL TABLE
  LABEL                             VALUE 

T1OSI                             00000001
T1OSO                             00000000
T1SYNC                            00000002
T2CKPS0                           00000000
T2CKPS1                           00000001
T2CON                             00000FCA
T3CCP1                            00000003
T3CCP2                            00000006
T3CKPS0                           00000004
T3CKPS1                           00000005
T3CON                             00000FB1
T3INSYNC                          00000002
T3SYNC                            00000002
TABLAT                            00000FF5
TBLPTR                            00000FF6
TBLPTRH                           00000FF7
TBLPTRL                           00000FF6
TBLPTRU                           00000FF8
TEST                              000000CC
TMR0                              00000FD6
TMR0H                             00000FD7
TMR0IE                            00000005
TMR0IF                            00000002
TMR0IP                            00000002
TMR0L                             00000FD6
TMR0ON                            00000007
TMR1                              00000FCE
TMR1CS                            00000001
TMR1H                             00000FCF
TMR1IE                            00000000
TMR1IF                            00000000
TMR1IP                            00000000
TMR1L                             00000FCE
TMR1ON                            00000000
TMR2                              00000FCC
TMR2IE                            00000001
TMR2IF                            00000001
TMR2IP                            00000001
TMR2ON                            00000002
TMR3                              00000FB2
TMR3CS                            00000001
TMR3H                             00000FB3
TMR3IE                            00000001
TMR3IF                            00000001
TMR3IP                            00000001
TMR3L                             00000FB2
TMR3ON                            00000000
TO                                00000003
TOS                               00000FFD
TOSH                              00000FFE
TOSL                              00000FFD
TOSU                              00000FFF
TOUTPS0                           00000003
MPASM  5.50                        SOURCE.ASM   3-4-2024  21:17:19         PAGE 14


SYMBOL TABLE
  LABEL                             VALUE 

TOUTPS1                           00000004
TOUTPS2                           00000005
TOUTPS3                           00000006
TRISA                             00000F92
TRISA0                            00000000
TRISA1                            00000001
TRISA2                            00000002
TRISA3                            00000003
TRISA4                            00000004
TRISA5                            00000005
TRISA6                            00000006
TRISB                             00000F93
TRISB0                            00000000
TRISB1                            00000001
TRISB2                            00000002
TRISB3                            00000003
TRISB4                            00000004
TRISB5                            00000005
TRISB6                            00000006
TRISB7                            00000007
TRISC                             00000F94
TRISC0                            00000000
TRISC1                            00000001
TRISC2                            00000002
TRISC3                            00000003
TRISC4                            00000004
TRISC5                            00000005
TRISC6                            00000006
TRISC7                            00000007
TRISD                             00000F95
TRISD0                            00000000
TRISD1                            00000001
TRISD2                            00000002
TRISD3                            00000003
TRISD4                            00000004
TRISD5                            00000005
TRISD6                            00000006
TRISD7                            00000007
TRISE                             00000F96
TRISE0                            00000000
TRISE1                            00000001
TRISE2                            00000002
TRMT                              00000001
TX                                00000006
TX8_9                             00000006
TX9                               00000006
TX9D                              00000000
TXD8                              00000000
TXEN                              00000005
TXIE                              00000004
TXIF                              00000004
TXIP                              00000004
TXREG                             00000FAD
MPASM  5.50                        SOURCE.ASM   3-4-2024  21:17:19         PAGE 15


SYMBOL TABLE
  LABEL                             VALUE 

TXSTA                             00000FAC
UA                                00000001
VALUE                             00000000
VREFM                             00000002
VREFP                             00000003
W                                 00000000
WAIT                              0000004C
WCOL                              00000007
WDTCON                            00000FD1
WR                                00000001
WREG                              00000FE8
WREN                              00000002
WRERR                             00000003
Z                                 00000002
_BORV_20                          000000FF
_BORV_20_2L                       000000FF
_BORV_27_2L                       000000FB
_BORV_42_2L                       000000F7
_BORV_45_2L                       000000F3
_BOR_OFF_2L                       000000FD
_BOR_ON_2L                        000000FF
_CCP2MX_OFF                       000000FE
_CCP2MX_OFF_3H                    000000FE
_CCP2MX_ON                        000000FF
_CCP2MX_ON_3H                     000000FF
_CONFIG1H                         00300001
_CONFIG2H                         00300003
_CONFIG2L                         00300002
_CONFIG3H                         00300005
_CONFIG4L                         00300006
_CONFIG5H                         00300009
_CONFIG5L                         00300008
_CONFIG6H                         0030000B
_CONFIG6L                         0030000A
_CONFIG7H                         0030000D
_CONFIG7L                         0030000C
_CP0_OFF_5L                       000000FF
_CP0_ON_5L                        000000FE
_CP1_OFF_5L                       000000FF
_CP1_ON_5L                        000000FD
_CP2_OFF_5L                       000000FF
_CP2_ON_5L                        000000FB
_CP3_OFF_5L                       000000FF
_CP3_ON_5L                        000000F7
_CPB_OFF_5H                       000000FF
_CPB_ON_5H                        000000BF
_CPD_OFF_5H                       000000FF
_CPD_ON_5H                        0000007F
_DEBUG_OFF_4L                     000000FF
_DEBUG_ON_4L                      0000007F
_DEVID1                           003FFFFE
_DEVID2                           003FFFFF
_EBTR0_OFF_7L                     000000FF
MPASM  5.50                        SOURCE.ASM   3-4-2024  21:17:19         PAGE 16


SYMBOL TABLE
  LABEL                             VALUE 

_EBTR0_ON_7L                      000000FE
_EBTR1_OFF_7L                     000000FF
_EBTR1_ON_7L                      000000FD
_EBTR2_OFF_7L                     000000FF
_EBTR2_ON_7L                      000000FB
_EBTR3_OFF_7L                     000000FF
_EBTR3_ON_7L                      000000F7
_EBTRB_OFF_7H                     000000FF
_EBTRB_ON_7H                      000000BF
_ECIO_OSC                         000000FD
_ECIO_OSC_1H                      000000FD
_EC_OSC                           000000FC
_EC_OSC_1H                        000000FC
_HSPLL_OSC                        000000FE
_HSPLL_OSC_1H                     000000FE
_HS_OSC                           000000FA
_HS_OSC_1H                        000000FA
_IDLOC0                           00200000
_IDLOC1                           00200001
_IDLOC2                           00200002
_IDLOC3                           00200003
_IDLOC4                           00200004
_IDLOC5                           00200005
_IDLOC6                           00200006
_IDLOC7                           00200007
_LP_OSC                           000000F8
_LP_OSC_1H                        000000F8
_LVP_OFF_4L                       000000FB
_LVP_ON_4L                        000000FF
_OSCS_OFF_1H                      000000FF
_OSCS_ON_1H                       000000DF
_PWRT_OFF_2L                      000000FF
_PWRT_ON_2L                       000000FE
_RCIO_OSC                         000000FF
_RCIO_OSC_1H                      000000FF
_RC_OSC                           000000FB
_RC_OSC_1H                        000000FB
_STVR_OFF_4L                      000000FE
_STVR_ON_4L                       000000FF
_WDTPS_128_2H                     000000FF
_WDTPS_16_2H                      000000F9
_WDTPS_1_2H                       000000F1
_WDTPS_2_2H                       000000F3
_WDTPS_32_2H                      000000FB
_WDTPS_4_2H                       000000F5
_WDTPS_64_2H                      000000FD
_WDTPS_8_2H                       000000F7
_WDT_OFF_2H                       000000FE
_WDT_ON_2H                        000000FF
_WRT0_OFF_6L                      000000FF
_WRT0_ON_6L                       000000FE
_WRT1_OFF_6L                      000000FF
_WRT1_ON_6L                       000000FD
MPASM  5.50                        SOURCE.ASM   3-4-2024  21:17:19         PAGE 17


SYMBOL TABLE
  LABEL                             VALUE 

_WRT2_OFF_6L                      000000FF
_WRT2_ON_6L                       000000FB
_WRT3_OFF_6L                      000000FF
_WRT3_ON_6L                       000000F7
_WRTB_OFF_6H                      000000FF
_WRTB_ON_6H                       000000BF
_WRTC_OFF_6H                      000000FF
_WRTC_ON_6H                       000000DF
_WRTD_OFF_6H                      000000FF
_WRTD_ON_6H                       0000007F
_XT_OSC                           000000F9
_XT_OSC_1H                        000000F9
__18F452                          00000001
__DEBUG                           1

Errors   :     0
Warnings :     0 reported,     0 suppressed
Messages :     0 reported,     0 suppressed

